	    New File  		   2.6 m	DAX3API.exe
 37%  
 75%  
100%  
	    New File  		  546896	Dax3DapControl.dll
100%  
	    New File  		  687128	Dax3Ref.dll
100%  
	    New File  		  217747	dax3_swc_aposvc.cat
100%  
	    New File  		  198930	dax3_swc_aposvc.inf
100%  
	    New File  		  347216	DAXSSID.dll
100%  
	    New File  		    6214	Default_settings.json
100%  
	    New File  		    5362	default_settings.xml
100%  
	    New File  		   1.3 m	DolbyAPONs.dll
 75%  
100%  
	    New File  		   2.2 m	DolbyAPONs30.dll
 45%  
 90%  
100%  
	    New File  		   2.4 m	DolbyAPOv2100.dll
 40%  
 81%  
100%  
	    New File  		   2.0 m	DolbyAPOv251.dll
 48%  
 97%  
100%  
	    New File  		   1.4 m	DolbyAPOvlldp.dll
 70%  
100%  
	    New File  		   1.5 m	DolbyAPOvlldp120.dll
 65%  
100%  
	    New File  		   1.8 m	DolbyAPOvlldp130.dll
 54%  
100%  
	    New File  		   1.8 m	DolbyAPOvlldp140.dll
 53%  
100%  
	    New File  		   1.8 m	DolbyAPOvlldp150.dll
 53%  
100%  
	    New File  		   3.1 m	DolbyApoVr.dll
 31%  
 63%  
 95%  
100%  
	    New File  		   1.1 m	DolbyDax3Apo.dll
 86%  
100%  
	  New Dir          2	C:\eSupport\eDriver\Software\Win32App\Dolby\Dolby Atmos driver for Consumer\10.411.729.54\16640\swc_factory\swc_hsa_20h1_22h2_24h2_b31821_v3.30803.830.0\
	    New File  		   12322	dax3_swc_hsa.cat
100%  
	    New File  		   17214	dax3_swc_hsa.inf
100%  
	  New Dir          0	C:\eSupport\eDriver\Software\Win32App\McAFee\
	  New Dir          0	C:\eSupport\eDriver\Software\Win32App\McAFee\McAfee for WPS\
	  New Dir          0	C:\eSupport\eDriver\Software\Win32App\McAFee\McAfee for WPS\1.26.217\
	  New Dir          0	C:\eSupport\eDriver\Software\Win32App\Microsoft\
	  New Dir          0	C:\eSupport\eDriver\Software\Win32App\Microsoft\EnableHEVCVideoExtension\
	  New Dir          0	C:\eSupport\eDriver\Software\Win32App\Microsoft\EnableHEVCVideoExtension\1.0\

------------------------------------------------------------------------------

               Total    Copied   Skipped  Mismatch    FAILED    Extras
    Dirs :       547       546         1         0         0         0
   Files :      4169      4169         0         0         0         0
   Bytes :   6.433 g   6.433 g         0         0         0         0
   Times :   0:04:49   0:04:42                       0:00:00   0:00:06


   Speed :           24,425,730 Bytes/sec.
   Speed :            1,397.651 MegaBytes/min.
   Ended : Sunday, August 9, 2026 6:00:11 PM